Iron Man 2 (2010)
Toy Story 3 (2010)
Star Trek (2009)
Avatar (2009)
Little Miss Sunshine (2006)