Inside Out (2015)
Grand Budapest Hotel, The (2014)
The Imitation Game (2014)
Hobbit: The Desolation of Smaug, The (2013)
Wind Rises, The (Kaze tachinu) (2013)

