Guardians of the Galaxy (2014)
Grand Budapest Hotel, The (2014)
Gone Girl (2014)
The Hobbit: The Battle of the Five Armies (2014)
The Interview (2014)

